Phase 1:
Load time: 756743 ms
sizeof(TripRecord)=320
rows=95846120
Query tips>5.0:   3982 ms, count=6451648
Query fare>40.0:  5153 ms, count=12383482
Query miles>10.0: 1749 ms, count=12182195
Loaded rows: 95846120
Preview first 0 rows:

PU      DO      miles     time_s    fare        tips        shared  
--------------------------------------------------------------------
      768.77 real       742.90 user        22.24 sys
         30671798272  maximum resident set size
                   0  average shared memory size
                   0  average unshared data size
                   0  average unshared stack size
            11008194  page reclaims
                  14  page faults
                   0  swaps
                   0  block input operations
                   0  block output operations
                   0  messages sent
                   0  messages received
                   0  signals received
                1620  voluntary context switches
               71568  involuntary context switches
      18953738165123  instructions retired
       3128110754054  cycles elapsed
         44823428824  peak memory footprint
