Phase 1:
Load time: 754335 ms
sizeof(TripRecord)=320
rows=95846120
Query tips>5.0:   4088 ms, count=6451648
Query fare>40.0:  5065 ms, count=12383482
Query miles>10.0: 2179 ms, count=12182195
Loaded rows: 95846120
Preview first 0 rows:

PU      DO      miles     time_s    fare        tips        shared  
--------------------------------------------------------------------
      766.82 real       740.76 user        22.38 sys
         30671814656  maximum resident set size
                   0  average shared memory size
                   0  average unshared data size
                   0  average unshared stack size
            11038215  page reclaims
                  13  page faults
                   0  swaps
                   0  block input operations
                   0  block output operations
                   0  messages sent
                   0  messages received
                   0  signals received
                 479  voluntary context switches
               81166  involuntary context switches
      18953525263562  instructions retired
       3128183543764  cycles elapsed
         44823461616  peak memory footprint
