Phase 3:
Load time: 748322 ms
Query tips>5.0:   17 ms, count=6451648
Query fare>40.0:  33 ms, count=12383482
Query miles>10.0: 34 ms, count=12182195
Loaded rows: 95846120
Preview first 0 rows:

PU      DO      miles     time_s    fare        tips        shared  
--------------------------------------------------------------------
      748.98 real       739.04 user        10.36 sys
         25570361344  maximum resident set size
                   0  average shared memory size
                   0  average unshared data size
                   0  average unshared stack size
             2387516  page reclaims
                  21  page faults
                   0  swaps
                   0  block input operations
                   0  block output operations
                   0  messages sent
                   0  messages received
                   0  signals received
                   8  voluntary context switches
               13771  involuntary context switches
      18866579112933  instructions retired
       3074025356097  cycles elapsed
         29068678336  peak memory footprint
