Phase 1:
Load time: 759714 ms
sizeof(TripRecord)=320
rows=95846120
Query tips>5.0:   4342 ms, count=6451648
Query fare>40.0:  5063 ms, count=12383482
Query miles>10.0: 1755 ms, count=12182195
Loaded rows: 95846120
Preview first 0 rows:

PU      DO      miles     time_s    fare        tips        shared  
--------------------------------------------------------------------
      772.03 real       744.28 user        23.76 sys
         30671798272  maximum resident set size
                   0  average shared memory size
                   0  average unshared data size
                   0  average unshared stack size
            11066823  page reclaims
                  16  page faults
                   0  swaps
                   0  block input operations
                   0  block output operations
                   0  messages sent
                   0  messages received
                   0  signals received
                   9  voluntary context switches
               89126  involuntary context switches
      18952686449343  instructions retired
       3138156297415  cycles elapsed
         44823412440  peak memory footprint
