Phase 1:
Load time: 755270 ms
sizeof(TripRecord)=320
rows=95846120
Query tips>5.0:   3862 ms, count=6451648
Query fare>40.0:  5207 ms, count=12383482
Query miles>10.0: 1490 ms, count=12182195
Loaded rows: 95846120
Preview first 0 rows:

PU      DO      miles     time_s    fare        tips        shared  
--------------------------------------------------------------------
      766.98 real       741.69 user        21.76 sys
         30671814656  maximum resident set size
                   0  average shared memory size
                   0  average unshared data size
                   0  average unshared stack size
            10522739  page reclaims
                  13  page faults
                   0  swaps
                   0  block input operations
                   0  block output operations
                   0  messages sent
                   0  messages received
                   0  signals received
                   7  voluntary context switches
               72414  involuntary context switches
      18949799403061  instructions retired
       3126510101683  cycles elapsed
         44823428824  peak memory footprint
